$ cd Ch04/04_02/
$ sha
sha1sum       sha512sum
sha224sum     shadowconfig
sha256sum     shasum
sha384sum     
$ sha256sum metrics.csv 
483f9bd1e905058e1a48f138e66d9e814626dedf5216688835983f093c581d1e  metrics.csv
$ sha256sum metrics.csv > sha256sum.txt
$ sha256sum -c sha256sum.txt 
metrics.csv: OK
$ sha256sum -c sha256sum.txt 
metrics.csv: FAILED
sha256sum: WARNING: 1 computed checksum did NOT match
$ sha256sum -c sha256sum.txt 
metrics.csv: OK